./pcsl/makefiles/top.gmk OK


./midp/build/common/makefiles/cdc_vm.gmk
./midp/build/common/makefiles/Verify.gmk OK

./midp/build/linux_qte_gcc/Platform.gmk OK
./midp/build/linux_qte_gcc/qte.gmk OK


./midp/src/core/suspend_resume/sr_vm/lib.gmk OK

./midp/src/highlevelui/annunciator/linux_qte/lib.gmk

./midp/src/highlevelui/lfpport/linux_qte/lib.gmk OK
./midp/src/highlevelui/lfpport/linux_qte/libinfo.gmk OK

./midp/src/highlevelui/qte_application/lib.gmk OK

./midp/src/highlevelui/subsystem.gmk OK

./midp/src/highlevelui/lfjport/linux_qte/lib.gmk

./midp/src/lowlevelui/subsystem.gmk OK
./midp/src/lowlevelui/platform_graphics_port/lib.gmk OK
./midp/src/lowlevelui/platform_graphics_port/linux_qte/lib.gmk OK

./midp/src/events/slavemode_port/lib.gmk OK
./midp/src/events/slavemode_port/linux_qte/lib.gmk OK
./midp/src/events/eventqueue_port/linux_qte/lib.gmk OK
./midp/src/events/subsystem.gmk OK

./midp/src/push/push_server/lib.gmk OF

./midp/src/ams/example/jams/lib.gmk


./jsr120/build/share/platforms/linux_qte.gmk
./jsr75/build/cldc_application/linux_qte.gmk
./jsr205/build/share/platforms/linux_qte.gmk
./jsr239/src/cldc-oi/config/subsystem.gmk
./pisces/build/subsystem.gmk
