./midp/build/linux_qte_gcc
./midp/build/linux_qte_gcc/qte.gmk
./midp/src/ams/appmanager_ui_resources/linux_qte
./midp/src/ams/platform_request/linux_qte
./midp/src/configuration/configuration_xml/linux_qte
./midp/src/core/suspend_resume/sr_vm/linux_qte
./midp/src/events/eventqueue_port/linux_qte
./midp/src/events/slavemode_port/linux_qte
./midp/src/events/slavemode_port/linux_qte/native/midp_slavemode_qte.cpp
./midp/src/highlevelui/annunciator/linux_qte
./midp/src/highlevelui/annunciator/linux_qte/include/anc_qte_indicator.h
./midp/src/highlevelui/annunciator/linux_qte/native/anc_qte_audio.cpp
./midp/src/highlevelui/annunciator/linux_qte/native/anc_qte_indicator.cpp
./midp/src/highlevelui/annunciator/linux_qte/native/anc_qte_pauseresume.cpp
./midp/src/highlevelui/annunciator/linux_qte/native/anc_qte_pauseresume.h
./midp/src/highlevelui/annunciator/linux_qte/native/anc_qte_vibrate.cpp
./midp/src/highlevelui/lfjport/linux_qte
./midp/src/highlevelui/lfjport/linux_qte/native/lfjport_qte_export.cpp
./midp/src/highlevelui/lfjport/linux_qte/native/lfjport_qte_mainwindow.cpp
./midp/src/highlevelui/lfjport/linux_qte/native/lfjport_qte_mainwindow.h
./midp/src/highlevelui/lfjport/linux_qte/native/lfjport_qte_mscreen.cpp
./midp/src/highlevelui/lfjport/linux_qte/native/lfjport_qte_mscreen.h
./midp/src/highlevelui/lfpport/linux_qte
./midp/src/highlevelui/lfpport/linux_qte/native/lfpport_qte_alert.cpp
./midp/src/highlevelui/lfpport/linux_qte/native/lfpport_qte_alert.h
./midp/src/highlevelui/lfpport/linux_qte/native/lfpport_qte_canvas.cpp
./midp/src/highlevelui/lfpport/linux_qte/native/lfpport_qte_choicegroup.cpp
./midp/src/highlevelui/lfpport/linux_qte/native/lfpport_qte_choicegroup.h
./midp/src/highlevelui/lfpport/linux_qte/native/lfpport_qte_command.cpp
./midp/src/highlevelui/lfpport/linux_qte/native/lfpport_qte_command.h
./midp/src/highlevelui/lfpport/linux_qte/native/lfpport_qte_customitem.cpp
./midp/src/highlevelui/lfpport/linux_qte/native/lfpport_qte_customitem.h
./midp/src/highlevelui/lfpport/linux_qte/native/lfpport_qte_dateeditor.cpp
./midp/src/highlevelui/lfpport/linux_qte/native/lfpport_qte_dateeditor.h
./midp/src/highlevelui/lfpport/linux_qte/native/lfpport_qte_datefield.cpp
./midp/src/highlevelui/lfpport/linux_qte/native/lfpport_qte_datefield.h
./midp/src/highlevelui/lfpport/linux_qte/native/lfpport_qte_displayable.cpp
./midp/src/highlevelui/lfpport/linux_qte/native/lfpport_qte_displayable.h
./midp/src/highlevelui/lfpport/linux_qte/native/lfpport_qte_export.cpp
./midp/src/highlevelui/lfpport/linux_qte/native/lfpport_qte_font.cpp
./midp/src/highlevelui/lfpport/linux_qte/native/lfpport_qte_form.cpp
./midp/src/highlevelui/lfpport/linux_qte/native/lfpport_qte_form.h
./midp/src/highlevelui/lfpport/linux_qte/native/lfpport_qte_gauge.cpp
./midp/src/highlevelui/lfpport/linux_qte/native/lfpport_qte_gauge.h
./midp/src/highlevelui/lfpport/linux_qte/native/lfpport_qte_inputmode.cpp
./midp/src/highlevelui/lfpport/linux_qte/native/lfpport_qte_inputmode.h
./midp/src/highlevelui/lfpport/linux_qte/native/lfpport_qte_item.cpp
./midp/src/highlevelui/lfpport/linux_qte/native/lfpport_qte_item.h
./midp/src/highlevelui/lfpport/linux_qte/native/lfpport_qte_mainwindow.cpp
./midp/src/highlevelui/lfpport/linux_qte/native/lfpport_qte_mainwindow.h
./midp/src/highlevelui/lfpport/linux_qte/native/lfpport_qte_mscreen.cpp
./midp/src/highlevelui/lfpport/linux_qte/native/lfpport_qte_mscreen.h
./midp/src/highlevelui/lfpport/linux_qte/native/lfpport_qte_patched.h
./midp/src/highlevelui/lfpport/linux_qte/native/lfpport_qte_string_image_item.cpp
./midp/src/highlevelui/lfpport/linux_qte/native/lfpport_qte_string_image_item.h
./midp/src/highlevelui/lfpport/linux_qte/native/lfpport_qte_textfield.cpp
./midp/src/highlevelui/lfpport/linux_qte/native/lfpport_qte_textfield.h
./midp/src/highlevelui/lfpport/linux_qte/native/lfpport_qte_ticker.cpp
./midp/src/highlevelui/lfpport/linux_qte/native/lfpport_qte_ticker.h
./midp/src/highlevelui/lfpport/linux_qte/native/lfpport_qte_util.cpp
./midp/src/highlevelui/lfpport/linux_qte/native/lfpport_qte_util.h
./midp/src/highlevelui/qte_application
./midp/src/highlevelui/qte_application/include/qteapp_export.h
./midp/src/highlevelui/qte_application/include/qteapp_key.h
./midp/src/highlevelui/qte_application/include/qteapp_mainwindow.h
./midp/src/highlevelui/qte_application/include/qteapp_mscreen.h
./midp/src/highlevelui/qte_application/reference/native/qteapp_export.cpp
./midp/src/highlevelui/qte_application/reference/native/qteapp_key.cpp
./midp/src/highlevelui/qte_application/reference/native/qteapp_mainwindow.cpp
./midp/src/highlevelui/qte_application/reference/native/qteapp_mscreen.cpp
./midp/src/lowlevelui/platform_graphics_port/linux_qte
./midp/src/push/push_timer/linux_qte
