./midp/build/linux_qtopia_gcc
./midp/build/linux_qtopia_gcc/qtopia.gmk
./midp/src/ams/platform_request/linux_qtopia
./midp/src/core/suspend_resume/sr_vm/linux_qtopia
./midp/src/events/eventqueue_port/linux_qtopia
./midp/src/events/slavemode_port/linux_qtopia
./midp/src/events/slavemode_port/linux_qtopia/native/midp_slavemode_qtopia.cpp
./midp/src/highlevelui/lfpport/linux_qtopia
./midp/src/highlevelui/lfpport/linux_qtopia/native/lfpport_qtopia_alert.cpp
./midp/src/highlevelui/lfpport/linux_qtopia/native/lfpport_qtopia_alert.h
./midp/src/highlevelui/lfpport/linux_qtopia/native/lfpport_qtopia_canvas.cpp
./midp/src/highlevelui/lfpport/linux_qtopia/native/lfpport_qtopia_choicegroup.cpp
./midp/src/highlevelui/lfpport/linux_qtopia/native/lfpport_qtopia_choicegroup.h
./midp/src/highlevelui/lfpport/linux_qtopia/native/lfpport_qtopia_command.cpp
./midp/src/highlevelui/lfpport/linux_qtopia/native/lfpport_qtopia_command.h
./midp/src/highlevelui/lfpport/linux_qtopia/native/lfpport_qtopia_customitem.cpp
./midp/src/highlevelui/lfpport/linux_qtopia/native/lfpport_qtopia_customitem.h
./midp/src/highlevelui/lfpport/linux_qtopia/native/lfpport_qtopia_dateeditor.cpp
./midp/src/highlevelui/lfpport/linux_qtopia/native/lfpport_qtopia_dateeditor.h
./midp/src/highlevelui/lfpport/linux_qtopia/native/lfpport_qtopia_datefield.cpp
./midp/src/highlevelui/lfpport/linux_qtopia/native/lfpport_qtopia_datefield.h
./midp/src/highlevelui/lfpport/linux_qtopia/native/lfpport_qtopia_displayable.cpp
./midp/src/highlevelui/lfpport/linux_qtopia/native/lfpport_qtopia_displayable.h
./midp/src/highlevelui/lfpport/linux_qtopia/native/lfpport_qtopia_export.cpp
./midp/src/highlevelui/lfpport/linux_qtopia/native/lfpport_qtopia_font.cpp
./midp/src/highlevelui/lfpport/linux_qtopia/native/lfpport_qtopia_form.cpp
./midp/src/highlevelui/lfpport/linux_qtopia/native/lfpport_qtopia_form.h
./midp/src/highlevelui/lfpport/linux_qtopia/native/lfpport_qtopia_gauge.cpp
./midp/src/highlevelui/lfpport/linux_qtopia/native/lfpport_qtopia_gauge.h
./midp/src/highlevelui/lfpport/linux_qtopia/native/lfpport_qtopia_inputmode.cpp
./midp/src/highlevelui/lfpport/linux_qtopia/native/lfpport_qtopia_inputmode.h
./midp/src/highlevelui/lfpport/linux_qtopia/native/lfpport_qtopia_item.cpp
./midp/src/highlevelui/lfpport/linux_qtopia/native/lfpport_qtopia_item.h
./midp/src/highlevelui/lfpport/linux_qtopia/native/lfpport_qtopia_mainwindow.cpp
./midp/src/highlevelui/lfpport/linux_qtopia/native/lfpport_qtopia_mainwindow.h
./midp/src/highlevelui/lfpport/linux_qtopia/native/lfpport_qtopia_mscreen.cpp
./midp/src/highlevelui/lfpport/linux_qtopia/native/lfpport_qtopia_mscreen.h
./midp/src/highlevelui/lfpport/linux_qtopia/native/lfpport_qtopia_patched.h
./midp/src/highlevelui/lfpport/linux_qtopia/native/lfpport_qtopia_string_image_item.cpp
./midp/src/highlevelui/lfpport/linux_qtopia/native/lfpport_qtopia_string_image_item.h
./midp/src/highlevelui/lfpport/linux_qtopia/native/lfpport_qtopia_textfield.cpp
./midp/src/highlevelui/lfpport/linux_qtopia/native/lfpport_qtopia_textfield.h
./midp/src/highlevelui/lfpport/linux_qtopia/native/lfpport_qtopia_ticker.cpp
./midp/src/highlevelui/lfpport/linux_qtopia/native/lfpport_qtopia_ticker.h
./midp/src/highlevelui/lfpport/linux_qtopia/native/lfpport_qtopia_util.cpp
./midp/src/highlevelui/lfpport/linux_qtopia/native/lfpport_qtopia_util.h
./midp/src/highlevelui/qtopia_application
./midp/src/highlevelui/qtopia_application/include/qtopiaapp_export.h
./midp/src/highlevelui/qtopia_application/include/qtopiaapp_key.h
./midp/src/highlevelui/qtopia_application/include/qtopiaapp_mainwindow.h
./midp/src/highlevelui/qtopia_application/include/qtopiaapp_mscreen.h
./midp/src/highlevelui/qtopia_application/reference/native/qtopiaapp_export.cpp
./midp/src/highlevelui/qtopia_application/reference/native/qtopiaapp_key.cpp
./midp/src/highlevelui/qtopia_application/reference/native/qtopiaapp_mainwindow.cpp
./midp/src/highlevelui/qtopia_application/reference/native/qtopiaapp_mscreen.cpp
./midp/src/lowlevelui/platform_graphics_port/linux_qtopia
./midp/src/push/push_timer/linux_qtopia
